CCS PCH C Compiler, Version 5.025, 61357               02-dic.-21 05:23

               Filename:   P:\wamp64\www\Proyecto-TD2\Proteus\Pruebas\UartVirtual\UartVirtual\test\comunicacion-serie-16f628.lst

               ROM used:   388 bytes (1%)
                           Largest free fragment is 32380
               RAM used:   5 (0%) at main() level
                           14 (1%) worst case
               Stack used: 1 locations
               Stack size: 31

*
0000:  GOTO   012C
.................... #include <18f2550.h> 
.................... //////////// Standard Header file for the PIC18F2550 device //////////////// 
.................... /////////////////////////////////////////////////////////////////////////// 
.................... ////        (C) Copyright 1996, 2013 Custom Computer Services          //// 
.................... //// This source code may only be used by licensed users of the CCS C  //// 
.................... //// compiler.  This source code may only be distributed to other      //// 
.................... //// licensed users of the CCS C compiler.  No other use, reproduction //// 
.................... //// or distribution is permitted without written permission.          //// 
.................... //// Derivative programs created using this software in object code    //// 
.................... //// form are not restricted in any way.                               //// 
.................... /////////////////////////////////////////////////////////////////////////// 
.................... #device PIC18F2550 
0004:  DATA 48,6F
0006:  DATA 6C,61
0008:  DATA 20,6D
000A:  DATA 75,6E
000C:  DATA 64,6F
000E:  DATA 25,64
0010:  DATA 0D,0A
0012:  DATA 00,00
0014:  TBLRD*+
0016:  MOVFF  FF6,07
001A:  MOVFF  FF7,08
001E:  MOVF   FF5,W
0020:  BTFSS  F9E.4
0022:  BRA    0020
0024:  MOVWF  FAD
0026:  MOVFF  07,FF6
002A:  MOVFF  08,FF7
002E:  DECFSZ 06,F
0030:  BRA    0014
0032:  GOTO   015E (RETURN)
0036:  MOVF   0D,W
0038:  CLRF   01
003A:  SUBWF  0C,W
003C:  BC    0044
003E:  MOVFF  0C,00
0042:  BRA    005C
0044:  CLRF   00
0046:  MOVLW  08
0048:  MOVWF  0E
004A:  RLCF   0C,F
004C:  RLCF   00,F
004E:  MOVF   0D,W
0050:  SUBWF  00,W
0052:  BTFSC  FD8.0
0054:  MOVWF  00
0056:  RLCF   01,F
0058:  DECFSZ 0E,F
005A:  BRA    004A
005C:  RETURN 0
005E:  MOVLW  20
0060:  BTFSS  07.4
0062:  MOVLW  30
0064:  MOVWF  08
0066:  MOVFF  06,00
006A:  BTFSS  06.7
006C:  BRA    007E
006E:  COMF   00,F
0070:  INCF   00,F
0072:  MOVFF  00,06
0076:  MOVLW  2D
0078:  MOVWF  08
007A:  BSF    07.7
007C:  BSF    07.0
007E:  MOVF   01,W
0080:  MOVFF  06,0C
0084:  MOVLW  64
0086:  MOVWF  0D
0088:  RCALL  0036
008A:  MOVFF  00,06
008E:  MOVLW  30
0090:  ADDWF  01,W
0092:  MOVWF  09
0094:  MOVFF  06,0C
0098:  MOVLW  0A
009A:  MOVWF  0D
009C:  RCALL  0036
009E:  MOVLW  30
00A0:  ADDWF  00,W
00A2:  MOVWF  0B
00A4:  MOVLW  30
00A6:  ADDWF  01,W
00A8:  MOVWF  0A
00AA:  MOVFF  08,00
00AE:  MOVLW  30
00B0:  SUBWF  09,W
00B2:  BZ    00BC
00B4:  BSF    07.1
00B6:  BTFSC  07.7
00B8:  BSF    07.2
00BA:  BRA    00E0
00BC:  MOVFF  08,09
00C0:  MOVLW  20
00C2:  MOVWF  08
00C4:  MOVLW  30
00C6:  SUBWF  0A,W
00C8:  BZ    00D2
00CA:  BSF    07.0
00CC:  BTFSC  07.7
00CE:  BSF    07.1
00D0:  BRA    00E0
00D2:  BTFSS  FD8.2
00D4:  BSF    07.0
00D6:  BNZ   00E0
00D8:  MOVFF  09,0A
00DC:  MOVLW  20
00DE:  MOVWF  09
00E0:  BTFSC  07.2
00E2:  BRA    00EE
00E4:  BTFSC  07.1
00E6:  BRA    00F6
00E8:  BTFSC  07.0
00EA:  BRA    00FE
00EC:  BRA    0106
00EE:  MOVF   08,W
00F0:  BTFSS  F9E.4
00F2:  BRA    00F0
00F4:  MOVWF  FAD
00F6:  MOVF   09,W
00F8:  BTFSS  F9E.4
00FA:  BRA    00F8
00FC:  MOVWF  FAD
00FE:  MOVF   0A,W
0100:  BTFSS  F9E.4
0102:  BRA    0100
0104:  MOVWF  FAD
0106:  MOVF   0B,W
0108:  BTFSS  F9E.4
010A:  BRA    0108
010C:  MOVWF  FAD
010E:  GOTO   0168 (RETURN)
....................  
.................... #list 
....................  
.................... #use delay(clock=400000) 
0112:  CLRF   FEA
0114:  MOVLW  06
0116:  MOVWF  FE9
0118:  MOVF   FEF,W
011A:  BZ    0128
011C:  MOVLW  20
011E:  MOVWF  00
0120:  DECFSZ 00,F
0122:  BRA    0120
0124:  DECFSZ FEF,F
0126:  BRA    011C
0128:  GOTO   0180 (RETURN)
.................... #use rs232(baud=300, xmit=PIN_c6,rcv=PIN_c7,stream=PiC) 
....................  
.................... void main() 
012C:  CLRF   FF8
012E:  BCF    FD0.7
0130:  BSF    FB8.3
0132:  MOVLW  4C
0134:  MOVWF  FAF
0136:  MOVLW  01
0138:  MOVWF  FB0
013A:  MOVLW  A6
013C:  MOVWF  FAC
013E:  MOVLW  90
0140:  MOVWF  FAB
0142:  MOVF   FC1,W
0144:  ANDLW  C0
0146:  IORLW  0F
0148:  MOVWF  FC1
014A:  MOVLW  07
014C:  MOVWF  FB4
014E:  CLRF   05
.................... { 
.................... int i=0; 
....................  for(;;) 
....................  { 
....................   
.................... fprintf(PiC,"Hola mundo%d\r\n",i); 
0150:  MOVLW  04
0152:  MOVWF  FF6
0154:  MOVLW  00
0156:  MOVWF  FF7
0158:  MOVLW  0A
015A:  MOVWF  06
015C:  BRA    0014
015E:  MOVFF  05,06
0162:  MOVLW  18
0164:  MOVWF  07
0166:  BRA    005E
0168:  MOVLW  0D
016A:  BTFSS  F9E.4
016C:  BRA    016A
016E:  MOVWF  FAD
0170:  MOVLW  0A
0172:  BTFSS  F9E.4
0174:  BRA    0172
0176:  MOVWF  FAD
.................... i++; 
0178:  INCF   05,F
.................... delay_ms(100); 
017A:  MOVLW  64
017C:  MOVWF  06
017E:  BRA    0112
0180:  BRA    0150
....................  
....................  } 
.................... } 
0182:  SLEEP 

Configuration Fuses:
   Word  1: CF3F   PLL12 CPUDIV4 USBDIV FCMEN IESO
   Word  2: 1E3E   PUT BROWNOUT BORV21 VREGEN NOWDT WDT32768
   Word  3: 8700   CCP2C1 PBADEN LPT1OSC MCLR
   Word  4: 0081   STVREN NOLVP NOXINST NODEBUG
   Word  5: C00F   NOPROTECT NOCPB NOCPD
   Word  6: E00F   NOWRT NOWRTC NOWRTB NOWRTD
   Word  7: 400F   NOEBTR NOEBTRB
